2026-03-10 22:45:42.580 [main] WARN  o.s.b.j.a.JpaBaseConfiguration$JpaWebConfiguration - spring.jpa.open-in-view is enabled by default. Therefore, database queries may be performed during view rendering. Explicitly configure spring.jpa.open-in-view to disable this warning
2026-03-10 22:46:17.266 [http-nio-8080-exec-4] WARN  c.e.l.w.e.GlobalExceptionHandler - Not found: Пользователь с id=999999 не найден
2026-03-10 22:46:17.471 [http-nio-8080-exec-6] WARN  c.e.l.w.e.GlobalExceptionHandler - Not found: Ресторан с id=999999 не найден
2026-03-10 22:46:17.611 [http-nio-8080-exec-3] WARN  c.e.l.w.e.GlobalExceptionHandler - Not found: Ресторан с id=999999 не найден
2026-03-10 22:46:17.847 [http-nio-8080-exec-8] WARN  c.e.l.w.e.GlobalExceptionHandler - Not found: Ресторан с id=999999 не найден
2026-03-10 22:46:17.932 [http-nio-8080-exec-4] WARN  c.e.l.w.e.GlobalExceptionHandler - Not found: Блюдо с id=999999 не найдено
2026-03-10 22:46:18.074 [http-nio-8080-exec-9] WARN  c.e.l.w.e.GlobalExceptionHandler - Not found: Пользователь с id=999999 не найден
2026-03-10 22:49:35.249 [main] WARN  o.s.b.j.a.JpaBaseConfiguration$JpaWebConfiguration - spring.jpa.open-in-view is enabled by default. Therefore, database queries may be performed during view rendering. Explicitly configure spring.jpa.open-in-view to disable this warning
2026-03-10 22:49:39.896 [http-nio-8080-exec-4] WARN  c.e.l.w.e.GlobalExceptionHandler - Not found: Пользователь с id=999999 не найден
2026-03-10 22:49:40.095 [http-nio-8080-exec-6] WARN  c.e.l.w.e.GlobalExceptionHandler - Not found: Ресторан с id=999999 не найден
2026-03-10 22:49:40.231 [http-nio-8080-exec-3] WARN  c.e.l.w.e.GlobalExceptionHandler - Not found: Ресторан с id=999999 не найден
2026-03-10 22:49:40.459 [http-nio-8080-exec-8] WARN  c.e.l.w.e.GlobalExceptionHandler - Not found: Ресторан с id=999999 не найден
2026-03-10 22:49:40.545 [http-nio-8080-exec-4] WARN  c.e.l.w.e.GlobalExceptionHandler - Not found: Блюдо с id=999999 не найдено
2026-03-10 22:49:40.687 [http-nio-8080-exec-9] ERROR c.e.l.w.e.GlobalExceptionHandler - Unexpected error
java.lang.IllegalArgumentException: Пользователь с id=999999 не найден
	at com.example.lab3.application.service.OrderService.create(OrderService.kt:39)
	at com.example.lab3.web.controller.OrderController.create(OrderController.kt:29)
	at java.base/jdk.internal.reflect.NativeMethodAccessorImpl.invoke0(Native Method)
	at java.base/jdk.internal.reflect.NativeMethodAccessorImpl.invoke(NativeMethodAccessorImpl.java:77)
	at java.base/jdk.internal.reflect.DelegatingMethodAccessorImpl.invoke(DelegatingMethodAccessorImpl.java:43)
	at java.base/java.lang.reflect.Method.invoke(Method.java:569)
	at kotlin.reflect.jvm.internal.calls.CallerImpl$Method.callMethod(CallerImpl.kt:97)
	at kotlin.reflect.jvm.internal.calls.CallerImpl$Method$Instance.call(CallerImpl.kt:113)
	at kotlin.reflect.jvm.internal.KCallableImpl.callDefaultMethod$kotlin_reflection(KCallableImpl.kt:250)
	at kotlin.reflect.jvm.internal.KCallableImpl.callBy(KCallableImpl.kt:155)
	at org.springframework.web.method.support.InvocableHandlerMethod$KotlinDelegate.invokeFunction(InvocableHandlerMethod.java:330)
	at org.springframework.web.method.support.InvocableHandlerMethod.doInvoke(InvocableHandlerMethod.java:250)
	at org.springframework.web.method.support.InvocableHandlerMethod.invokeForRequest(InvocableHandlerMethod.java:184)
	at org.springframework.web.servlet.mvc.method.annotation.ServletInvocableHandlerMethod.invokeAndHandle(ServletInvocableHandlerMethod.java:117)
	at org.springframework.web.servlet.mvc.method.annotation.RequestMappingHandlerAdapter.invokeHandlerMethod(RequestMappingHandlerAdapter.java:934)
	at org.springframework.web.servlet.mvc.method.annotation.RequestMappingHandlerAdapter.handleInternal(RequestMappingHandlerAdapter.java:853)
	at org.springframework.web.servlet.mvc.method.AbstractHandlerMethodAdapter.handle(AbstractHandlerMethodAdapter.java:86)
	at org.springframework.web.servlet.DispatcherServlet.doDispatch(DispatcherServlet.java:963)
	at org.springframework.web.servlet.DispatcherServlet.doService(DispatcherServlet.java:866)
	at org.springframework.web.servlet.FrameworkServlet.processRequest(FrameworkServlet.java:1000)
	at org.springframework.web.servlet.FrameworkServlet.doPost(FrameworkServlet.java:903)
	at jakarta.servlet.http.HttpServlet.service(HttpServlet.java:649)
	at org.springframework.web.servlet.FrameworkServlet.service(FrameworkServlet.java:874)
	at jakarta.servlet.http.HttpServlet.service(HttpServlet.java:710)
	at org.apache.catalina.core.ApplicationFilterChain.doFilter(ApplicationFilterChain.java:128)
	at org.apache.tomcat.websocket.server.WsFilter.doFilter(WsFilter.java:53)
	at org.apache.catalina.core.ApplicationFilterChain.doFilter(ApplicationFilterChain.java:107)
	at org.springframework.web.filter.RequestContextFilter.doFilterInternal(RequestContextFilter.java:100)
	at org.springframework.web.filter.OncePerRequestFilter.doFilter(OncePerRequestFilter.java:116)
	at org.apache.catalina.core.ApplicationFilterChain.doFilter(ApplicationFilterChain.java:107)
	at org.springframework.web.filter.FormContentFilter.doFilterInternal(FormContentFilter.java:93)
	at org.springframework.web.filter.OncePerRequestFilter.doFilter(OncePerRequestFilter.java:116)
	at org.apache.catalina.core.ApplicationFilterChain.doFilter(ApplicationFilterChain.java:107)
	at org.springframework.web.filter.CharacterEncodingFilter.doFilterInternal(CharacterEncodingFilter.java:199)
	at org.springframework.web.filter.OncePerRequestFilter.doFilter(OncePerRequestFilter.java:116)
	at org.apache.catalina.core.ApplicationFilterChain.doFilter(ApplicationFilterChain.java:107)
	at org.apache.catalina.core.StandardWrapperValve.invoke(StandardWrapperValve.java:165)
	at org.apache.catalina.core.StandardContextValve.invoke(StandardContextValve.java:77)
	at org.apache.catalina.authenticator.AuthenticatorBase.invoke(AuthenticatorBase.java:492)
	at org.apache.catalina.core.StandardHostValve.invoke(StandardHostValve.java:113)
	at org.apache.catalina.valves.ErrorReportValve.invoke(ErrorReportValve.java:83)
	at org.apache.catalina.core.StandardEngineValve.invoke(StandardEngineValve.java:72)
	at org.apache.catalina.connector.CoyoteAdapter.service(CoyoteAdapter.java:341)
	at org.apache.coyote.http11.Http11Processor.service(Http11Processor.java:397)
	at org.apache.coyote.AbstractProcessorLight.process(AbstractProcessorLight.java:63)
	at org.apache.coyote.AbstractProtocol$ConnectionHandler.process(AbstractProtocol.java:903)
	at org.apache.tomcat.util.net.NioEndpoint$SocketProcessor.doRun(NioEndpoint.java:1779)
	at org.apache.tomcat.util.net.SocketProcessorBase.run(SocketProcessorBase.java:52)
	at org.apache.tomcat.util.threads.ThreadPoolExecutor.runWorker(ThreadPoolExecutor.java:946)
	at org.apache.tomcat.util.threads.ThreadPoolExecutor$Worker.run(ThreadPoolExecutor.java:480)
	at org.apache.tomcat.util.threads.TaskThread$WrappingRunnable.run(TaskThread.java:57)
	at java.base/java.lang.Thread.run(Thread.java:840)
2026-03-10 22:51:00.611 [main] WARN  o.s.b.j.a.JpaBaseConfiguration$JpaWebConfiguration - spring.jpa.open-in-view is enabled by default. Therefore, database queries may be performed during view rendering. Explicitly configure spring.jpa.open-in-view to disable this warning
2026-03-10 22:51:04.870 [http-nio-8080-exec-4] WARN  c.e.l.w.e.GlobalExceptionHandler - Not found: Пользователь с id=999999 не найден
2026-03-10 22:51:05.073 [http-nio-8080-exec-6] WARN  c.e.l.w.e.GlobalExceptionHandler - Not found: Ресторан с id=999999 не найден
2026-03-10 22:51:05.207 [http-nio-8080-exec-3] WARN  c.e.l.w.e.GlobalExceptionHandler - Not found: Ресторан с id=999999 не найден
2026-03-10 22:51:05.433 [http-nio-8080-exec-8] WARN  c.e.l.w.e.GlobalExceptionHandler - Not found: Ресторан с id=999999 не найден
2026-03-10 22:51:05.516 [http-nio-8080-exec-4] WARN  c.e.l.w.e.GlobalExceptionHandler - Not found: Блюдо с id=999999 не найдено
2026-03-10 22:51:05.917 [http-nio-8080-exec-4] WARN  c.e.l.w.e.GlobalExceptionHandler - Invalid order state: Нельзя перевести заказ из DELIVERED в PENDING
2026-03-10 22:51:05.942 [http-nio-8080-exec-5] WARN  c.e.l.w.e.GlobalExceptionHandler - Not found: Заказ с id=999999 не найден
2026-03-10 22:58:27.470 [main] WARN  o.s.b.j.a.JpaBaseConfiguration$JpaWebConfiguration - spring.jpa.open-in-view is enabled by default. Therefore, database queries may be performed during view rendering. Explicitly configure spring.jpa.open-in-view to disable this warning
2026-03-10 22:58:32.626 [http-nio-8080-exec-4] WARN  c.e.l.w.e.GlobalExceptionHandler - Not found: Пользователь с id=999999 не найден
2026-03-10 22:58:32.834 [http-nio-8080-exec-6] WARN  c.e.l.w.e.GlobalExceptionHandler - Not found: Ресторан с id=999999 не найден
2026-03-10 22:58:32.975 [http-nio-8080-exec-3] WARN  c.e.l.w.e.GlobalExceptionHandler - Not found: Ресторан с id=999999 не найден
2026-03-10 22:58:33.220 [http-nio-8080-exec-8] WARN  c.e.l.w.e.GlobalExceptionHandler - Not found: Ресторан с id=999999 не найден
2026-03-10 22:58:33.302 [http-nio-8080-exec-4] WARN  c.e.l.w.e.GlobalExceptionHandler - Not found: Блюдо с id=999999 не найдено
2026-03-10 22:58:33.731 [http-nio-8080-exec-4] WARN  c.e.l.w.e.GlobalExceptionHandler - Invalid order state: Нельзя перевести заказ из DELIVERED в PENDING
2026-03-10 22:58:33.756 [http-nio-8080-exec-5] WARN  c.e.l.w.e.GlobalExceptionHandler - Not found: Заказ с id=999999 не найден
2026-03-10 23:03:14.477 [main] WARN  o.s.b.j.a.JpaBaseConfiguration$JpaWebConfiguration - spring.jpa.open-in-view is enabled by default. Therefore, database queries may be performed during view rendering. Explicitly configure spring.jpa.open-in-view to disable this warning
2026-03-10 23:03:18.806 [http-nio-8080-exec-4] WARN  c.e.l.w.e.GlobalExceptionHandler - Not found: Пользователь с id=999999 не найден
2026-03-10 23:03:18.956 [http-nio-8080-exec-6] WARN  c.e.l.w.e.GlobalExceptionHandler - Not found: Ресторан с id=999999 не найден
2026-03-10 23:03:19.053 [http-nio-8080-exec-3] WARN  c.e.l.w.e.GlobalExceptionHandler - Not found: Ресторан с id=999999 не найден
2026-03-10 23:03:19.223 [http-nio-8080-exec-8] WARN  c.e.l.w.e.GlobalExceptionHandler - Not found: Ресторан с id=999999 не найден
2026-03-10 23:03:19.284 [http-nio-8080-exec-4] WARN  c.e.l.w.e.GlobalExceptionHandler - Not found: Блюдо с id=999999 не найдено
2026-03-10 23:03:19.604 [http-nio-8080-exec-4] WARN  c.e.l.w.e.GlobalExceptionHandler - Invalid order state: Нельзя перевести заказ из DELIVERED в PENDING
2026-03-10 23:03:19.625 [http-nio-8080-exec-5] WARN  c.e.l.w.e.GlobalExceptionHandler - Not found: Заказ с id=999999 не найден
2026-03-10 23:06:43.121 [main] WARN  o.s.b.j.a.JpaBaseConfiguration$JpaWebConfiguration - spring.jpa.open-in-view is enabled by default. Therefore, database queries may be performed during view rendering. Explicitly configure spring.jpa.open-in-view to disable this warning
2026-03-10 23:07:02.220 [http-nio-8080-exec-4] WARN  c.e.l.w.e.GlobalExceptionHandler - Not found: Пользователь с id=999999 не найден
2026-03-10 23:07:02.379 [http-nio-8080-exec-6] WARN  c.e.l.w.e.GlobalExceptionHandler - Not found: Ресторан с id=999999 не найден
2026-03-10 23:07:02.475 [http-nio-8080-exec-3] WARN  c.e.l.w.e.GlobalExceptionHandler - Not found: Ресторан с id=999999 не найден
2026-03-10 23:07:02.648 [http-nio-8080-exec-8] WARN  c.e.l.w.e.GlobalExceptionHandler - Not found: Ресторан с id=999999 не найден
2026-03-10 23:07:02.708 [http-nio-8080-exec-4] WARN  c.e.l.w.e.GlobalExceptionHandler - Not found: Блюдо с id=999999 не найдено
2026-03-10 23:07:03.019 [http-nio-8080-exec-4] WARN  c.e.l.w.e.GlobalExceptionHandler - Invalid order state: Нельзя перевести заказ из DELIVERED в PENDING
2026-03-10 23:07:03.037 [http-nio-8080-exec-5] WARN  c.e.l.w.e.GlobalExceptionHandler - Not found: Заказ с id=999999 не найден
2026-03-10 23:09:00.221 [main] WARN  o.s.b.j.a.JpaBaseConfiguration$JpaWebConfiguration - spring.jpa.open-in-view is enabled by default. Therefore, database queries may be performed during view rendering. Explicitly configure spring.jpa.open-in-view to disable this warning
2026-03-10 23:09:04.854 [http-nio-8080-exec-4] WARN  c.e.l.w.e.GlobalExceptionHandler - Not found: Пользователь с id=999999 не найден
2026-03-10 23:09:05.005 [http-nio-8080-exec-6] WARN  c.e.l.w.e.GlobalExceptionHandler - Not found: Ресторан с id=999999 не найден
2026-03-10 23:09:05.101 [http-nio-8080-exec-3] WARN  c.e.l.w.e.GlobalExceptionHandler - Not found: Ресторан с id=999999 не найден
2026-03-10 23:09:05.275 [http-nio-8080-exec-8] WARN  c.e.l.w.e.GlobalExceptionHandler - Not found: Ресторан с id=999999 не найден
2026-03-10 23:09:05.335 [http-nio-8080-exec-4] WARN  c.e.l.w.e.GlobalExceptionHandler - Not found: Блюдо с id=999999 не найдено
2026-03-10 23:09:05.640 [http-nio-8080-exec-4] WARN  c.e.l.w.e.GlobalExceptionHandler - Invalid order state: Нельзя перевести заказ из DELIVERED в PENDING
2026-03-10 23:09:05.656 [http-nio-8080-exec-5] WARN  c.e.l.w.e.GlobalExceptionHandler - Not found: Заказ с id=999999 не найден
2026-03-10 23:54:01.315 [HikariPool-1:housekeeper] WARN  com.zaxxer.hikari.pool.HikariPool - HikariPool-1 - Thread starvation or clock leap detected (housekeeper delta=34m1s813ms).
